[backblue.gif]
[fade.gif]
[index.html]
[fmcolorprint.com/img/fmcolorprinticono.png]
[fmcolorprint.com/img/LOGO.png]
[fmcolorprint.com/img/index/banner.png]
[fmcolorprint.com/img/index/trayectoria.png]
[fmcolorprint.com/img/index/politica.png]
[fmcolorprint.com/img/index/mision.png]
[fmcolorprint.com/img/index/calidad.png]
[fmcolorprint.com/img/index/diseno.png]
[fmcolorprint.com/img/index/oxi.png]
[fmcolorprint.com/img/logo__large_plus.png]
[fmcolorprint.com/js/jquery.min.js]
[fmcolorprint.com/js/bootstrap.min.js]
[fmcolorprint.com/js/ie10-viewport-bug-workaround.js]
[fmcolorprint.com/index.html]
[fmcolorprint.com/fonts/glyphicons-halflings-regular.eot]
[fmcolorprint.com/fonts/glyphicons-halflings-regulard41d.eot]
[fmcolorprint.com/fonts/glyphicons-halflings-regular.woff2]
[fmcolorprint.com/fonts/glyphicons-halflings-regular.woff]
[fmcolorprint.com/fonts/glyphicons-halflings-regular.ttf]
[fmcolorprint.com/css/bootstrap.css]
[fmcolorprint.com/css/ie10-viewport-bug-workaround.css]
[fmcolorprint.com/css/carousel.css]
[fmcolorprint.com/css/sticky-footer-navbar.css]
[fmcolorprint.com/webfonts/fa-brands-400.eot]
[fmcolorprint.com/webfonts/fa-brands-400d41d.eot]
[fmcolorprint.com/webfonts/fa-brands-400.woff2]
[fmcolorprint.com/webfonts/fa-brands-400.woff]
[fmcolorprint.com/webfonts/fa-brands-400.ttf]
[fmcolorprint.com/webfonts/fa-regular-400.eot]
[fmcolorprint.com/webfonts/fa-regular-400d41d.eot]
[fmcolorprint.com/webfonts/fa-regular-400.woff2]
[fmcolorprint.com/webfonts/fa-regular-400.woff]
[fmcolorprint.com/webfonts/fa-regular-400.ttf]
[fmcolorprint.com/webfonts/fa-solid-900.eot]
[fmcolorprint.com/webfonts/fa-solid-900d41d.eot]
[fmcolorprint.com/webfonts/fa-solid-900.woff2]
[fmcolorprint.com/webfonts/fa-solid-900.woff]
[fmcolorprint.com/webfonts/fa-solid-900.ttf]
[fmcolorprint.com/css/fontawesome-all.min.css]
[fmcolorprint.com/index-2.html]
[fmcolorprint.com/img/materiales/banner.png]
[fmcolorprint.com/materiales.html]
[fmcolorprint.com/img/productos/manija_rinon/belle.png]
[fmcolorprint.com/img/productos/manija_rinon/tabaco.png]
[fmcolorprint.com/img/productos/manija_rinon/oneill.png]
[fmcolorprint.com/img/productos/rinon/alma.png]
[fmcolorprint.com/img/productos/rinon/atac.png]
[fmcolorprint.com/img/productos/rinon/newmar.png]
[fmcolorprint.com/img/productos/redondo/buon.png]
[fmcolorprint.com/img/productos/redondo/malucos.png]
[fmcolorprint.com/img/productos/redondo/moto.png]
[fmcolorprint.com/img/productos/asa/sitevisto.png]
[fmcolorprint.com/img/productos/asa/botanico.png]
[fmcolorprint.com/img/productos/asa/prana.png]
[fmcolorprint.com/img/productos/asa_flexible/prana.png]
[fmcolorprint.com/img/productos/asa_flexible/computacion.png]
[fmcolorprint.com/img/productos/asa_flexible/almalepik.png]
[fmcolorprint.com/img/productos/cartera/kapsol.png]
[fmcolorprint.com/img/productos/cartera/xenobia.png]
[fmcolorprint.com/img/productos/cartera/wallstreet.png]
[fmcolorprint.com/img/productos/camiseta/automundo.png]
[fmcolorprint.com/img/productos/camiseta/jasa.png]
[fmcolorprint.com/img/productos/camiseta/moto.png]
[fmcolorprint.com/img/productos/sobre_solapa/paris.png]
[fmcolorprint.com/img/productos/sobre_solapa/world.png]
[fmcolorprint.com/img/productos/banner.png]
[fmcolorprint.com/img/productos/manija_rinon/medidas.png]
[fmcolorprint.com/img/productos/rinon/medidas.png]
[fmcolorprint.com/img/productos/redondo/medidas.png]
[fmcolorprint.com/img/productos/asa/medidas.png]
[fmcolorprint.com/img/productos/asa_flexible/medidas.png]
[fmcolorprint.com/img/productos/cartera/medidas.png]
[fmcolorprint.com/img/productos/camiseta/medidas.png]
[fmcolorprint.com/img/productos/sobre/medidas.png]
[fmcolorprint.com/img/productos/sobre_solapa/medidas.png]
[fmcolorprint.com/img/productos/rollos/medidas.png]
[fmcolorprint.com/productos.html]
[fmcolorprint.com/img/cotizaciones/banner.png]
[fmcolorprint.com/cotizaciones.html]
[fmcolorprint.com/fonts/glyphicons-halflings-regular.svg]
[fmcolorprint.com/webfonts/fa-brands-400.svg]
[fmcolorprint.com/webfonts/fa-regular-400.svg]
[fmcolorprint.com/webfonts/fa-solid-900.svg]
